Script started on Tue Nov  6 12:25:44 2018
[?1034hbash-3.2$ make monitor
MONITOR
[0;33m--- idf_monitor on /dev/cu.SLAB_USBtoUART 115200 ---[0m
[0;33m--- Quit: Ctrl+] | Menu: Ctrl+T | Help: Ctrl+T followed by Ctrl+H ---[0m
ets Jun  8 2016 00:22:57

rst:0x1 (POWERON_RESET),boot:0x13 (SPI_FAST_FLASH_BOOT)
configsip: 0, SPIWP:0xee
clk_drv:0x00,q_drv:0x00,d_drv:0x00,cs0_drv:0x00,hd_drv:0x00,wp_drv:0x00
mode:DIO, clock div:2
load:0x3fff0018,len:4
load:0x3fff001c,len:5868
load:0x40078000,len:9076
load:0x40080400,len:6148
entry 0x40080748
[0;32mI (28) boot: ESP-IDF v3.2-dev-444-gb85e8e10 2nd stage bootloader[0m
[0;32mI (28) boot: compile time 11:57:54[0m
[0;32mI (28) boot: Enabling RNG early entropy source...[0m
[0;32mI (34) boot: SPI Speed      : 40MHz[0m
[0;32mI (38) boot: SPI Mode       : DIO[0m
[0;32mI (42) boot: SPI Flash Size : 4MB[0m
[0;32mI (46) boot: Partition Table:[0m
[0;32mI (50) boot: ## Label            Usage          Type ST Offset   Length[0m
[0;32mI (57) boot:  0 nvs              WiFi data        01 02 00009000 00006000[0m
[0;32mI (65) boot:  1 phy_init         RF data          01 01 0000f000 00001000[0m
[0;32mI (72) boot:  2 factory          factory app      00 00 00010000 00100000[0m
[0;32mI (80) boot: End of partition table[0m
[0;32mI (84) esp_image: segment 0: paddr=0x00010020 vaddr=0x3f400020 size=0x097b0 ( 38832) map[0m
[0;32mI (106) esp_image: segment 1: paddr=0x000197d8 vaddr=0x3ffb0000 size=0x022cc (  8908) load[0m
[0;32mI (110) esp_image: segment 2: paddr=0x0001baac vaddr=0x3ffb22cc size=0x00000 (     0) load[0m
[0;32mI (113) esp_image: segment 3: paddr=0x0001bab4 vaddr=0x40080000 size=0x00400 (  1024) load[0m
[0;33m0x40080000: _iram_start at /Users/gideon/esp/esp-idf/components/freertos/xtensa_vectors.S:1685
[0m
[0;32mI (123) esp_image: segment 4: paddr=0x0001bebc vaddr=0x40080400 size=0x04154 ( 16724) load[0m
[0;32mI (138) esp_image: segment 5: paddr=0x00020018 vaddr=0x400d0018 size=0x17a64 ( 96868) map[0m
[0;33m0x400d0018: _flash_cache_start at ??:?
[0m
[0;32mI (174) esp_image: segment 6: paddr=0x00037a84 vaddr=0x40084554 size=0x05d54 ( 23892) load[0m
[0;33m0x40084554: i2c_isr_handler_default at /Users/gideon/esp/esp-idf/components/driver/i2c.c:1074
[0m
[0;32mI (184) esp_image: segment 7: paddr=0x0003d7e0 vaddr=0x400c0000 size=0x00000 (     0) load[0m
[0;32mI (184) esp_image: segment 8: paddr=0x0003d7e8 vaddr=0x50000000 size=0x00000 (     0) load[0m
[0;32mI (198) boot: Loaded app from partition at offset 0x10000[0m
[0;32mI (198) boot: Disabling RNG early entropy source...[0m
[0;32mI (203) cpu_start: Pro cpu up.[0m
[0;32mI (207) cpu_start: Starting app cpu, entry point is 0x40080f24[0m
[0;33m0x40080f24: call_start_cpu1 at /Users/gideon/esp/esp-idf/components/esp32/cpu_start.c:225
[0m
[0;32mI (0) cpu_start: App cpu up.[0m
[0;32mI (218) heap_init: Initializing. RAM available for dynamic allocation:[0m
[0;32mI (224) heap_init: At 3FFAE6E0 len 00001920 (6 KiB): DRAM[0m
[0;32mI (230) heap_init: At 3FFB3378 len 0002CC88 (179 KiB): DRAM[0m
[0;32mI (237) heap_init: At 3FFE0440 len 00003BC0 (14 KiB): D/IRAM[0m
[0;32mI (243) heap_init: At 3FFE4350 len 0001BCB0 (111 KiB): D/IRAM[0m
[0;32mI (249) heap_init: At 4008A2A8 len 00015D58 (87 KiB): IRAM[0m
[0;32mI (256) cpu_start: Pro cpu start user code[0m
[0;32mI (274) cpu_start: Starting scheduler on PRO CPU.[0m
[0;32mI (0) cpu_start: Starting scheduler on APP CPU.[0m
test cnt: 0
*******************
TASK[0]  MASTER READ SENSOR( BH1750 )
*******************
data_h: 02
data_l: 5c
sensor val: 503
lightSensor:
1: 500
2: 500
3: 500
4: 500
5: 500
6: 500
7: 503

test cnt: 1
*******************
TASK[0]  MASTER READ SENSOR( BH1750 )
*******************
data_h: 02
data_l: 60
sensor val: 506
lightSensor:
1: 500
2: 500
3: 500
4: 500
5: 500
6: 500
7: 503
8: 506

test cnt: 2
*******************
TASK[0]  MASTER READ SENSOR( BH1750 )
*******************
data_h: 02
data_l: 60
sensor val: 506
lightSensor:
1: 500
2: 500
3: 500
4: 500
5: 500
6: 500
7: 503
8: 506
9: 506

test cnt: 3
*******************
TASK[0]  MASTER READ SENSOR( BH1750 )
*******************
data_h: 02
data_l: 60
sensor val: 506
lightSensor:
1: 500
2: 500
3: 500
4: 500
5: 500
6: 500
7: 503
8: 506
9: 506
10: 506

test cnt: 4
*******************
TASK[0]  MASTER READ SENSOR( BH1750 )
*******************
data_h: 02
data_l: 5c
sensor val: 503
lightSensor:
1: 500
2: 500
3: 500
4: 500
5: 500
6: 500
7: 503
8: 506
9: 506
10: 506
11: 503

test cnt: 5
*******************
TASK[0]  MASTER READ SENSOR( BH1750 )
*******************
data_h: 03
data_l: 7c
sensor val: 743
lightSensor:
1: 500
2: 500
3: 500
4: 500
5: 500
6: 500
7: 503
8: 506
9: 506
10: 506
11: 503
12: 743

test cnt: 6
*******************
TASK[0]  MASTER READ SENSOR( BH1750 )
*******************
data_h: 02
data_l: 7c
sensor val: 530
lightSensor:
1: 500
2: 500
3: 500
4: 500
5: 500
6: 500
7: 503
8: 506
9: 506
10: 506
11: 503
12: 743
13: 530

test cnt: 7
*******************
TASK[0]  MASTER READ SENSOR( BH1750 )
*******************
data_h: 04
data_l: a8
sensor val: 993
lightSensor:
1: 500
2: 500
3: 500
4: 500
5: 500
6: 500
7: 503
8: 506
9: 506
10: 506
11: 503
12: 743
13: 530
14: 993

test cnt: 8
*******************
TASK[0]  MASTER READ SENSOR( BH1750 )
*******************
data_h: 04
data_l: 9c
sensor val: 983
lightSensor:
1: 500
2: 500
3: 500
4: 500
5: 500
6: 500
7: 503
8: 506
9: 506
10: 506
11: 503
12: 743
13: 530
14: 993
15: 983

test cnt: 9
*******************
TASK[0]  MASTER READ SENSOR( BH1750 )
*******************
data_h: 02
data_l: 58
sensor val: 500
lightSensor:
1: 500
2: 500
3: 500
4: 500
5: 500
6: 500
7: 503
8: 506
9: 506
10: 506
11: 503
12: 743
13: 530
14: 993
15: 983
16: 500

test cnt: 10
*******************
TASK[0]  MASTER READ SENSOR( BH1750 )
*******************
data_h: 02
data_l: 58
sensor val: 500
lightSensor:
1: 500
2: 500
3: 500
4: 500
5: 500
6: 500
7: 503
8: 506
9: 506
10: 506
11: 503
12: 743
13: 530
14: 993
15: 983
16: 500
17: 500

test cnt: 11
*******************
TASK[0]  MASTER READ SENSOR( BH1750 )
*******************
data_h: 02
data_l: 58
sensor val: 500
lightSensor:
1: 500
2: 500
3: 500
4: 500
5: 500
6: 500
7: 503
8: 506
9: 506
10: 506
11: 503
12: 743
13: 530
14: 993
15: 983
16: 500
17: 500
18: 500

test cnt: 12
*******************
TASK[0]  MASTER READ SENSOR( BH1750 )
*******************
data_h: 02
data_l: 58
sensor val: 500
lightSensor:
1: 500
2: 500
3: 500
4: 500
5: 500
6: 500
7: 503
8: 506
9: 506
10: 506
11: 503
12: 743
13: 530
14: 993
15: 983
16: 500
17: 500
18: 500
19: 500

test cnt: 13
*******************
TASK[0]  MASTER READ SENSOR( BH1750 )
*******************
data_h: 02
data_l: 58
sensor val: 500
lightSensor:
1: 500
2: 500
3: 500
4: 500
5: 500
6: 500
7: 503
8: 506
9: 506
10: 506
11: 503
12: 743
13: 530
14: 993
15: 983
16: 500
17: 500
18: 500
19: 500
20: 500

[0m
bash-3.2$ exit
exit

Script done on Tue Nov  6 12:26:08 2018
